{
  "GLOBAL_REGRESSION": {
    "FULL_SURFACE": {
      "cases": 12,
      "case_equal_mean_xz_mm": 21.803447361342858,
      "per_case": {
        "s0363": 28.579214899317318,
        "s0461": 13.146146125406903,
        "s0477": 16.53597266042017,
        "s0522": 8.616210087654236,
        "s0591": 30.52214894482027,
        "s0859": 20.52492081145121,
        "s0866": 19.325228315496112,
        "s1086": 10.64671825762212,
        "s1336": 17.181674976626677,
        "s1348": 10.428811636866243,
        "s1350": 53.26334985694312,
        "s1372": 32.870971763489855
      },
      "per_seed": {
        "0": 20.895739822831967,
        "1": 22.272716282615345,
        "2": 27.34912860201517
      },
      "surface_hit_fraction": 1.0
    },
    "MASK_COORDS": {
      "cases": 12,
      "case_equal_mean_xz_mm": 19.450220373911908,
      "per_case": {
        "s0363": 24.180912269859835,
        "s0461": 11.554615257599227,
        "s0477": 17.550085960697356,
        "s0522": 8.581442326680266,
        "s0591": 27.79689383998403,
        "s0859": 16.539407875934863,
        "s0866": 21.147234084721596,
        "s1086": 10.383767705165912,
        "s1336": 20.58690007495989,
        "s1348": 7.1848951778357915,
        "s1350": 45.581339476142105,
        "s1372": 22.315150437362018
      },
      "per_seed": {
        "0": 20.607578469714486,
        "1": 17.355467185124173,
        "2": 23.214279021198397
      },
      "surface_hit_fraction": 1.0
    },
    "COORDS_ONLY": {
      "cases": 12,
      "case_equal_mean_xz_mm": 24.563329169891706,
      "per_case": {
        "s0363": 16.297419626316213,
        "s0461": 30.378703307989337,
        "s0477": 14.959240237496873,
        "s0522": 7.75771721532297,
        "s0591": 53.12770044035458,
        "s0859": 45.53335625588165,
        "s0866": 16.972727505991106,
        "s1086": 21.41992113856195,
        "s1336": 25.02688128324703,
        "s1348": 13.04272732552988,
        "s1350": 13.623294598348272,
        "s1372": 36.620261103660624
      },
      "per_seed": {
        "0": 23.342176060863324,
        "1": 28.246191601789864,
        "2": 24.796957529180503
      },
      "surface_hit_fraction": 1.0
    }
  },
  "ORDERED_QUERY": {
    "FULL_SURFACE": {
      "cases": 12,
      "case_equal_mean_xz_mm": 17.56689783908314,
      "per_case": {
        "s0363": 21.091184126740202,
        "s0461": 11.011538719004491,
        "s0477": 17.47926313627797,
        "s0522": 13.176029929176963,
        "s0591": 14.544554420889378,
        "s0859": 15.421725441239142,
        "s0866": 19.191674222091525,
        "s1086": 10.787153768130356,
        "s1336": 17.79976837202535,
        "s1348": 9.539600339795175,
        "s1350": 34.84600873106608,
        "s1372": 25.914272862561052
      },
      "per_seed": {
        "0": 16.695445570556103,
        "1": 18.557837251253574,
        "2": 17.93116538086564
      },
      "surface_hit_fraction": 1.0
    },
    "MASK_COORDS": {
      "cases": 12,
      "case_equal_mean_xz_mm": 17.078890686688933,
      "per_case": {
        "s0363": 19.110442175742705,
        "s0461": 8.588142562071159,
        "s0477": 14.402685887102965,
        "s0522": 9.62081398974451,
        "s0591": 15.240524732572121,
        "s0859": 14.140977743799331,
        "s0866": 16.583524340770044,
        "s1086": 9.476655799477225,
        "s1336": 27.172189671861545,
        "s1348": 8.99769911103238,
        "s1350": 31.005658918228807,
        "s1372": 30.60737330786438
      },
      "per_seed": {
        "0": 17.125626308593436,
        "1": 17.488022839784765,
        "2": 17.59407386071755
      },
      "surface_hit_fraction": 1.0
    },
    "COORDS_ONLY": {
      "cases": 12,
      "case_equal_mean_xz_mm": 25.19833755540331,
      "per_case": {
        "s0363": 18.981496507239395,
        "s0461": 36.94677487244522,
        "s0477": 11.671447475861825,
        "s0522": 8.823448767623454,
        "s0591": 36.00591955963333,
        "s0859": 50.03350581207797,
        "s0866": 16.895209118852783,
        "s1086": 27.580815278201054,
        "s1336": 30.700997451299877,
        "s1348": 20.34084768376393,
        "s1350": 14.20019102916739,
        "s1372": 30.19939710867348
      },
      "per_seed": {
        "0": 26.259593504399646,
        "1": 24.922034523684157,
        "2": 25.96942215679878
      },
      "surface_hit_fraction": 1.0
    }
  }
}
