nohup: ignoring input
/raid5/xuhd/sam3d_s01_pilot_20260906/sam-3d-body/sam_3d_body/models/heads/mhr_head.py:33: UserWarning: Momentum is not enabled
  warnings.warn("Momentum is not enabled")
/raid5/xuhd/sam3d_s01_pilot_20260906/venv/lib/python3.10/site-packages/timm/models/layers/__init__.py:48: FutureWarning: Importing from timm.models.layers is deprecated, please import via timm.layers
  warnings.warn(f"Importing from {__name__} is deprecated, please import via timm.layers", FutureWarning)
The model and loaded state dict do not match exactly

missing keys in source state_dict: head_pose.hand_pose_comps_ori, head_pose.mhr.face_expressions_model.shape_vectors, head_pose.mhr.pose_correctives_model.pose_dirs_predictor.0.sparse_indices, head_pose.mhr.pose_correctives_model.pose_dirs_predictor.0.sparse_weight, head_pose.mhr.pose_correctives_model.pose_dirs_predictor.2.weight, head_pose.mhr.character_torch.skeleton.joint_translation_offsets, head_pose.mhr.character_torch.skeleton.joint_prerotations, head_pose.mhr.character_torch.skeleton.pmi, head_pose.mhr.character_torch.skeleton.joint_parents, head_pose.mhr.character_torch.mesh.rest_vertices, head_pose.mhr.character_torch.mesh.faces, head_pose.mhr.character_torch.mesh.texcoords, head_pose.mhr.character_torch.mesh.texcoord_faces, head_pose.mhr.character_torch.parameter_transform.parameter_transform, head_pose.mhr.character_torch.parameter_transform.pose_parameters, head_pose.mhr.character_torch.parameter_transform.rigid_parameters, head_pose.mhr.character_torch.parameter_transform.scaling_parameters, head_pose.mhr.character_torch.linear_blend_skinning.inverse_bind_pose, head_pose.mhr.character_torch.linear_blend_skinning.skin_indices_flattened, head_pose.mhr.character_torch.linear_blend_skinning.skin_weights_flattened, head_pose.mhr.character_torch.linear_blend_skinning.vert_indices_flattened, head_pose.mhr.character_torch.parameter_limits.minmax_min, head_pose.mhr.character_torch.parameter_limits.minmax_max, head_pose.mhr.character_torch.parameter_limits.minmax_weight, head_pose.mhr.character_torch.parameter_limits.minmax_parameter_index, head_pose.mhr.character_torch.parameter_limits.minmaxjoint_index, head_pose.mhr.character_torch.parameter_limits.minmaxjoint_min, head_pose.mhr.character_torch.parameter_limits.minmaxjoint_max, head_pose.mhr.character_torch.parameter_limits.minmaxjoint_weight, head_pose.mhr.character_torch.parameter_limits.linear_refidx, head_pose.mhr.character_torch.parameter_limits.linear_targetidx, head_pose.mhr.character_torch.parameter_limits.linear_scale, head_pose.mhr.character_torch.parameter_limits.linear_offset, head_pose.mhr.character_torch.parameter_limits.linear_weight, head_pose.mhr.character_torch.parameter_limits.linear_range_min, head_pose.mhr.character_torch.parameter_limits.linear_range_max, head_pose.mhr.character_torch.parameter_limits.linear_joint_refidx, head_pose.mhr.character_torch.parameter_limits.linear_joint_targetidx, head_pose.mhr.character_torch.parameter_limits.linear_joint_scale, head_pose.mhr.character_torch.parameter_limits.linear_joint_offset, head_pose.mhr.character_torch.parameter_limits.linear_joint_weight, head_pose.mhr.character_torch.parameter_limits.linear_joint_range_min, head_pose.mhr.character_torch.parameter_limits.linear_joint_range_max, head_pose.mhr.character_torch.parameter_limits.halfplane_param1_idx, head_pose.mhr.character_torch.parameter_limits.halfplane_param2_idx, head_pose.mhr.character_torch.parameter_limits.halfplane_normal, head_pose.mhr.character_torch.parameter_limits.halfplane_offset, head_pose.mhr.character_torch.parameter_limits.halfplane_weight, head_pose.mhr.character_torch.parameter_limits.ellipsoid_parent, head_pose.mhr.character_torch.parameter_limits.ellipsoid_ellipsoid_parent, head_pose.mhr.character_torch.parameter_limits.ellipsoid_offset, head_pose.mhr.character_torch.parameter_limits.ellipsoid_ellipsoid, head_pose.mhr.character_torch.parameter_limits.ellipsoid_ellipsoid_inv, head_pose.mhr.character_torch.parameter_limits.ellipsoid_weight, head_pose.mhr.character_torch.blend_shape.shape_vectors, head_pose.mhr.character_torch.blend_shape.base_shape, head_pose_hand.hand_pose_comps_ori, head_pose_hand.mhr.face_expressions_model.shape_vectors, head_pose_hand.mhr.pose_correctives_model.pose_dirs_predictor.0.sparse_indices, head_pose_hand.mhr.pose_correctives_model.pose_dirs_predictor.0.sparse_weight, head_pose_hand.mhr.pose_correctives_model.pose_dirs_predictor.2.weight, head_pose_hand.mhr.character_torch.skeleton.joint_translation_offsets, head_pose_hand.mhr.character_torch.skeleton.joint_prerotations, head_pose_hand.mhr.character_torch.skeleton.pmi, head_pose_hand.mhr.character_torch.skeleton.joint_parents, head_pose_hand.mhr.character_torch.mesh.rest_vertices, head_pose_hand.mhr.character_torch.mesh.faces, head_pose_hand.mhr.character_torch.mesh.texcoords, head_pose_hand.mhr.character_torch.mesh.texcoord_faces, head_pose_hand.mhr.character_torch.parameter_transform.parameter_transform, head_pose_hand.mhr.character_torch.parameter_transform.pose_parameters, head_pose_hand.mhr.character_torch.parameter_transform.rigid_parameters, head_pose_hand.mhr.character_torch.parameter_transform.scaling_parameters, head_pose_hand.mhr.character_torch.linear_blend_skinning.inverse_bind_pose, head_pose_hand.mhr.character_torch.linear_blend_skinning.skin_indices_flattened, head_pose_hand.mhr.character_torch.linear_blend_skinning.skin_weights_flattened, head_pose_hand.mhr.character_torch.linear_blend_skinning.vert_indices_flattened, head_pose_hand.mhr.character_torch.parameter_limits.minmax_min, head_pose_hand.mhr.character_torch.parameter_limits.minmax_max, head_pose_hand.mhr.character_torch.parameter_limits.minmax_weight, head_pose_hand.mhr.character_torch.parameter_limits.minmax_parameter_index, head_pose_hand.mhr.character_torch.parameter_limits.minmaxjoint_index, head_pose_hand.mhr.character_torch.parameter_limits.minmaxjoint_min, head_pose_hand.mhr.character_torch.parameter_limits.minmaxjoint_max, head_pose_hand.mhr.character_torch.parameter_limits.minmaxjoint_weight, head_pose_hand.mhr.character_torch.parameter_limits.linear_refidx, head_pose_hand.mhr.character_torch.parameter_limits.linear_targetidx, head_pose_hand.mhr.character_torch.parameter_limits.linear_scale, head_pose_hand.mhr.character_torch.parameter_limits.linear_offset, head_pose_hand.mhr.character_torch.parameter_limits.linear_weight, head_pose_hand.mhr.character_torch.parameter_limits.linear_range_min, head_pose_hand.mhr.character_torch.parameter_limits.linear_range_max, head_pose_hand.mhr.character_torch.parameter_limits.linear_joint_refidx, head_pose_hand.mhr.character_torch.parameter_limits.linear_joint_targetidx, head_pose_hand.mhr.character_torch.parameter_limits.linear_joint_scale, head_pose_hand.mhr.character_torch.parameter_limits.linear_joint_offset, head_pose_hand.mhr.character_torch.parameter_limits.linear_joint_weight, head_pose_hand.mhr.character_torch.parameter_limits.linear_joint_range_min, head_pose_hand.mhr.character_torch.parameter_limits.linear_joint_range_max, head_pose_hand.mhr.character_torch.parameter_limits.halfplane_param1_idx, head_pose_hand.mhr.character_torch.parameter_limits.halfplane_param2_idx, head_pose_hand.mhr.character_torch.parameter_limits.halfplane_normal, head_pose_hand.mhr.character_torch.parameter_limits.halfplane_offset, head_pose_hand.mhr.character_torch.parameter_limits.halfplane_weight, head_pose_hand.mhr.character_torch.parameter_limits.ellipsoid_parent, head_pose_hand.mhr.character_torch.parameter_limits.ellipsoid_ellipsoid_parent, head_pose_hand.mhr.character_torch.parameter_limits.ellipsoid_offset, head_pose_hand.mhr.character_torch.parameter_limits.ellipsoid_ellipsoid, head_pose_hand.mhr.character_torch.parameter_limits.ellipsoid_ellipsoid_inv, head_pose_hand.mhr.character_torch.parameter_limits.ellipsoid_weight, head_pose_hand.mhr.character_torch.blend_shape.shape_vectors, head_pose_hand.mhr.character_torch.blend_shape.base_shape

Loading SAM 3D Body model...
No Flash Attention!
No human detector is used...
Mask-condition inference is not supported...
No FOV estimator... Using the default FOV!
Sub03/Date03_Sub03_backpack_back/t0014.000 ALL_3_IMPROVED
Sub03/Date03_Sub03_backpack_back/t0026.000 2_IMPROVED_0_UNCHANGED_1_DEGRADED
Sub03/Date03_Sub03_backpack_back/t0036.000 ALL_3_IMPROVED
Sub03/Date03_Sub03_stool_sit/t0015.000 ALL_3_IMPROVED
Sub03/Date03_Sub03_stool_sit/t0027.000 2_IMPROVED_0_UNCHANGED_1_DEGRADED
Sub03/Date03_Sub03_stool_sit/t0038.000 1_IMPROVED_0_UNCHANGED_2_DEGRADED
Sub03/Date03_Sub03_yogaball_play/t0014.000 ALL_3_IMPROVED
Sub03/Date03_Sub03_yogaball_play/t0025.000 ALL_3_IMPROVED
Sub03/Date03_Sub03_yogaball_play/t0036.000 ALL_3_IMPROVED
Sub04/Date03_Sub04_backpack_back/t0015.000 ALL_3_IMPROVED
Sub04/Date03_Sub04_backpack_back/t0026.000 ALL_3_IMPROVED
Sub04/Date03_Sub04_backpack_back/t0037.000 ALL_3_IMPROVED
Sub04/Date03_Sub04_stool_sit/t0015.000 ALL_3_IMPROVED
Sub04/Date03_Sub04_stool_sit/t0027.000 ALL_3_IMPROVED
Sub04/Date03_Sub04_stool_sit/t0038.000 ALL_3_IMPROVED
Sub04/Date03_Sub04_yogaball_play/t0010.000 ALL_3_IMPROVED
Sub04/Date03_Sub04_yogaball_play/t0022.000 ALL_3_IMPROVED
Sub04/Date03_Sub04_yogaball_play/t0034.000 ALL_3_IMPROVED
Sub05/Date03_Sub05_backpack/t0035.000 ALL_3_IMPROVED
Sub05/Date03_Sub05_backpack/t0070.000 ALL_3_IMPROVED
Sub05/Date03_Sub05_backpack/t0101.000 ALL_3_IMPROVED
Sub05/Date03_Sub05_stool/t0019.000 ALL_3_IMPROVED
Sub05/Date03_Sub05_stool/t0035.000 ALL_3_IMPROVED
Sub05/Date03_Sub05_stool/t0050.000 ALL_3_IMPROVED
Sub05/Date03_Sub05_yogaball/t0019.000 ALL_3_IMPROVED
Sub05/Date03_Sub05_yogaball/t0035.000 ALL_3_IMPROVED
Sub05/Date03_Sub05_yogaball/t0051.000 ALL_3_IMPROVED
Sub06/Date05_Sub06_backpack_back/t0015.000 ALL_3_IMPROVED
Sub06/Date05_Sub06_backpack_back/t0026.000 1_IMPROVED_0_UNCHANGED_2_DEGRADED
Sub06/Date05_Sub06_backpack_back/t0038.000 ALL_3_IMPROVED
Sub06/Date05_Sub06_stool_sit/t0015.000 1_IMPROVED_0_UNCHANGED_2_DEGRADED
Sub06/Date05_Sub06_stool_sit/t0027.000 ALL_3_IMPROVED
Sub06/Date05_Sub06_stool_sit/t0038.000 ALL_3_IMPROVED
Sub06/Date05_Sub06_yogaball_play/t0012.000 ALL_3_IMPROVED
Sub06/Date05_Sub06_yogaball_play/t0024.000 ALL_3_IMPROVED
Sub06/Date05_Sub06_yogaball_play/t0034.000 ALL_3_IMPROVED
Sub07/Date06_Sub07_backpack_back/t0015.000 2_IMPROVED_0_UNCHANGED_1_DEGRADED
Sub07/Date06_Sub07_backpack_back/t0027.000 2_IMPROVED_0_UNCHANGED_1_DEGRADED
Sub07/Date06_Sub07_backpack_back/t0039.000 ALL_3_IMPROVED
Sub07/Date06_Sub07_stool_sit/t0015.000 ALL_3_IMPROVED
Sub07/Date06_Sub07_stool_sit/t0027.000 2_IMPROVED_0_UNCHANGED_1_DEGRADED
Sub07/Date06_Sub07_stool_sit/t0038.000 ALL_3_DEGRADED
Sub07/Date06_Sub07_yogaball_play/t0017.000 ALL_3_IMPROVED
Sub07/Date06_Sub07_yogaball_play/t0028.000 ALL_3_IMPROVED
Sub07/Date06_Sub07_yogaball_play/t0039.000 ALL_3_IMPROVED
