  cache miss -- constructing operators
/raid5/xuhd/datasets/registered_human_correspondence_20261005/author_diffusion_net/src/diffusion_net/utils.py:55: UserWarning: torch.sparse.SparseTensor(indices, values, shape, *, device=) is deprecated.  Please use torch.sparse_coo_tensor(indices, values, shape, dtype=, device=). (Triggered internally at ../torch/csrc/utils/tensor_new.cpp:641.)
  return torch.sparse.FloatTensor(torch.LongTensor(indices), torch.FloatTensor(values), torch.Size(shape)).coalesce()
  cache miss -- constructing operators
AUTHOR_SOURCE tr_reg_080 19.51
  cache miss -- constructing operators
AUTHOR_SOURCE tr_reg_081 21.85
  cache miss -- constructing operators
AUTHOR_SOURCE tr_reg_082 24.11
  cache miss -- constructing operators
AUTHOR_SOURCE tr_reg_083 26.42
  cache miss -- constructing operators
AUTHOR_SOURCE tr_reg_084 28.82
  cache miss -- constructing operators
AUTHOR_SOURCE tr_reg_085 31.2
  cache miss -- constructing operators
AUTHOR_SOURCE tr_reg_086 33.82
  cache miss -- constructing operators
AUTHOR_SOURCE tr_reg_087 36.09
  cache miss -- constructing operators
AUTHOR_SOURCE tr_reg_088 38.02
  cache miss -- constructing operators
AUTHOR_SOURCE tr_reg_089 39.99
  cache miss -- constructing operators
AUTHOR_SOURCE tr_reg_090 41.84
  cache miss -- constructing operators
AUTHOR_SOURCE tr_reg_091 43.69
  cache miss -- constructing operators
AUTHOR_SOURCE tr_reg_092 45.51
  cache miss -- constructing operators
AUTHOR_SOURCE tr_reg_093 47.27
  cache miss -- constructing operators
AUTHOR_SOURCE tr_reg_094 49.01
  cache miss -- constructing operators
AUTHOR_SOURCE tr_reg_095 51.22
  cache miss -- constructing operators
AUTHOR_SOURCE tr_reg_096 53.45
  cache miss -- constructing operators
AUTHOR_SOURCE tr_reg_097 55.58
  cache miss -- constructing operators
AUTHOR_SOURCE tr_reg_098 57.41
  cache miss -- constructing operators
AUTHOR_SOURCE tr_reg_099 59.53
AUTHOR_COMPLETE 180 59.54
