TRAIN POINT_GLOBAL 0 200 4.482 7.0
TRAIN POINT_GLOBAL 0 400 3.401 12.6
TRAIN POINT_GLOBAL 0 600 2.786 18.2
TRAIN POINT_GLOBAL 0 800 2.626 24.1
TRAIN POINT_GLOBAL 0 1000 2.4 30.2
TRAIN POINT_GLOBAL 0 1200 2.256 36.0
TRAIN POINT_GLOBAL 1 200 4.383 5.8
TRAIN POINT_GLOBAL 1 400 3.564 11.8
TRAIN POINT_GLOBAL 1 600 3.002 17.6
TRAIN POINT_GLOBAL 1 800 2.632 23.4
TRAIN POINT_GLOBAL 1 1000 2.48 29.7
TRAIN POINT_GLOBAL 1 1200 2.392 35.4
TRAIN POINT_GLOBAL 2 200 4.377 6.0
TRAIN POINT_GLOBAL 2 400 3.343 12.3
TRAIN POINT_GLOBAL 2 600 2.981 17.9
TRAIN POINT_GLOBAL 2 800 2.564 24.2
TRAIN POINT_GLOBAL 2 1000 2.427 30.0
TRAIN POINT_GLOBAL 2 1200 2.336 35.8
TRAIN PRIOR_GLOBAL 0 200 3.666 6.0
TRAIN PRIOR_GLOBAL 0 400 2.739 11.9
TRAIN PRIOR_GLOBAL 0 600 2.55 17.7
TRAIN PRIOR_GLOBAL 0 800 2.197 24.1
TRAIN PRIOR_GLOBAL 0 1000 2.24 29.8
TRAIN PRIOR_GLOBAL 0 1200 2.08 35.7
TRAIN PRIOR_GLOBAL 1 200 3.963 5.6
TRAIN PRIOR_GLOBAL 1 400 3.113 11.3
TRAIN PRIOR_GLOBAL 1 600 2.444 16.9
TRAIN PRIOR_GLOBAL 1 800 2.327 22.9
TRAIN PRIOR_GLOBAL 1 1000 2.263 28.8
TRAIN PRIOR_GLOBAL 1 1200 2.158 34.7
TRAIN PRIOR_GLOBAL 2 200 4.217 6.2
TRAIN PRIOR_GLOBAL 2 400 2.986 12.1
TRAIN PRIOR_GLOBAL 2 600 2.472 17.7
TRAIN PRIOR_GLOBAL 2 800 2.309 23.3
TRAIN PRIOR_GLOBAL 2 1000 2.247 29.0
TRAIN PRIOR_GLOBAL 2 1200 2.242 34.8
TRAIN PRIOR_LOCAL 0 200 4.258 8.2
TRAIN PRIOR_LOCAL 0 400 2.745 14.9
TRAIN PRIOR_LOCAL 0 600 2.391 21.5
TRAIN PRIOR_LOCAL 0 800 2.402 28.5
TRAIN PRIOR_LOCAL 0 1000 2.307 35.2
TRAIN PRIOR_LOCAL 0 1200 1.973 42.1
TRAIN PRIOR_LOCAL 1 200 3.966 6.5
TRAIN PRIOR_LOCAL 1 400 2.935 12.9
TRAIN PRIOR_LOCAL 1 600 2.327 19.6
TRAIN PRIOR_LOCAL 1 800 2.373 26.4
TRAIN PRIOR_LOCAL 1 1000 2.165 33.2
TRAIN PRIOR_LOCAL 1 1200 2.108 39.5
TRAIN PRIOR_LOCAL 2 200 4.049 7.1
TRAIN PRIOR_LOCAL 2 400 3.04 14.2
TRAIN PRIOR_LOCAL 2 600 2.585 20.7
TRAIN PRIOR_LOCAL 2 800 2.446 27.2
TRAIN PRIOR_LOCAL 2 1000 2.425 34.6
TRAIN PRIOR_LOCAL 2 1200 2.309 40.7
TRAINING_COMPLETE 346.9
EVAL_SOURCE tr_reg_080
EVAL_SOURCE tr_reg_081
EVAL_SOURCE tr_reg_082
EVAL_SOURCE tr_reg_083
EVAL_SOURCE tr_reg_084
EVAL_SOURCE tr_reg_085
EVAL_SOURCE tr_reg_086
EVAL_SOURCE tr_reg_087
EVAL_SOURCE tr_reg_088
EVAL_SOURCE tr_reg_089
EVAL_SOURCE tr_reg_090
EVAL_SOURCE tr_reg_091
EVAL_SOURCE tr_reg_092
EVAL_SOURCE tr_reg_093
EVAL_SOURCE tr_reg_094
EVAL_SOURCE tr_reg_095
EVAL_SOURCE tr_reg_096
EVAL_SOURCE tr_reg_097
EVAL_SOURCE tr_reg_098
EVAL_SOURCE tr_reg_099
EVAL_COMPLETE 1800 19.25
