QUERY_TRAIN Q_GLOBAL 0 200 4.2 9.1
QUERY_TRAIN Q_GLOBAL 0 400 2.719 16.6
QUERY_TRAIN Q_GLOBAL 0 600 2.495 24.1
QUERY_TRAIN Q_GLOBAL 0 800 2.168 31.7
QUERY_TRAIN Q_GLOBAL 0 1000 2.124 38.9
QUERY_TRAIN Q_GLOBAL 0 1200 2.573 46.3
QUERY_TRAIN Q_GLOBAL 1 200 4.484 7.5
QUERY_TRAIN Q_GLOBAL 1 400 3.627 14.4
QUERY_TRAIN Q_GLOBAL 1 600 2.642 21.2
QUERY_TRAIN Q_GLOBAL 1 800 2.71 28.2
QUERY_TRAIN Q_GLOBAL 1 1000 2.267 35.6
QUERY_TRAIN Q_GLOBAL 1 1200 2.149 42.7
QUERY_TRAIN Q_GLOBAL 2 200 4.394 6.7
QUERY_TRAIN Q_GLOBAL 2 400 3.136 13.0
QUERY_TRAIN Q_GLOBAL 2 600 2.767 19.8
QUERY_TRAIN Q_GLOBAL 2 800 2.683 27.1
QUERY_TRAIN Q_GLOBAL 2 1000 2.515 34.0
QUERY_TRAIN Q_GLOBAL 2 1200 2.139 41.0
QUERY_TRAIN Q_PRIOR_LOCAL 0 200 4.063 8.1
QUERY_TRAIN Q_PRIOR_LOCAL 0 400 2.88 15.6
QUERY_TRAIN Q_PRIOR_LOCAL 0 600 2.879 22.8
QUERY_TRAIN Q_PRIOR_LOCAL 0 800 2.351 30.0
QUERY_TRAIN Q_PRIOR_LOCAL 0 1000 2.068 37.5
QUERY_TRAIN Q_PRIOR_LOCAL 0 1200 2.057 44.7
QUERY_TRAIN Q_PRIOR_LOCAL 1 200 4.137 8.1
QUERY_TRAIN Q_PRIOR_LOCAL 1 400 3.328 16.5
QUERY_TRAIN Q_PRIOR_LOCAL 1 600 2.217 24.3
QUERY_TRAIN Q_PRIOR_LOCAL 1 800 2.368 32.0
QUERY_TRAIN Q_PRIOR_LOCAL 1 1000 2.145 39.7
QUERY_TRAIN Q_PRIOR_LOCAL 1 1200 1.955 47.8
QUERY_TRAIN Q_PRIOR_LOCAL 2 200 3.418 7.5
QUERY_TRAIN Q_PRIOR_LOCAL 2 400 2.731 14.9
QUERY_TRAIN Q_PRIOR_LOCAL 2 600 2.663 22.1
QUERY_TRAIN Q_PRIOR_LOCAL 2 800 2.21 29.8
QUERY_TRAIN Q_PRIOR_LOCAL 2 1000 2.322 37.3
QUERY_TRAIN Q_PRIOR_LOCAL 2 1200 2.163 45.0
QUERY_TRAIN_COMPLETE 280.77
QUERY_EVAL_COMPLETE 1080 18.86
