nohup: ignoring input
/raid5/xuhd/sam3d_s01_pilot_20260906/sam-3d-body/sam_3d_body/models/heads/mhr_head.py:33: UserWarning: Momentum is not enabled
  warnings.warn("Momentum is not enabled")
Loading SAM 3D Body model...
No Flash Attention!
/raid5/xuhd/sam3d_s01_pilot_20260906/venv/lib/python3.10/site-packages/timm/models/layers/__init__.py:48: FutureWarning: Importing from timm.models.layers is deprecated, please import via timm.layers
  warnings.warn(f"Importing from {__name__} is deprecated, please import via timm.layers", FutureWarning)
The model and loaded state dict do not match exactly

missing keys in source state_dict: head_pose.hand_pose_comps_ori, head_pose.mhr.face_expressions_model.shape_vectors, head_pose.mhr.pose_correctives_model.pose_dirs_predictor.0.sparse_indices, head_pose.mhr.pose_correctives_model.pose_dirs_predictor.0.sparse_weight, head_pose.mhr.pose_correctives_model.pose_dirs_predictor.2.weight, head_pose.mhr.character_torch.skeleton.joint_translation_offsets, head_pose.mhr.character_torch.skeleton.joint_prerotations, head_pose.mhr.character_torch.skeleton.pmi, head_pose.mhr.character_torch.skeleton.joint_parents, head_pose.mhr.character_torch.mesh.rest_vertices, head_pose.mhr.character_torch.mesh.faces, head_pose.mhr.character_torch.mesh.texcoords, head_pose.mhr.character_torch.mesh.texcoord_faces, head_pose.mhr.character_torch.parameter_transform.parameter_transform, head_pose.mhr.character_torch.parameter_transform.pose_parameters, head_pose.mhr.character_torch.parameter_transform.rigid_parameters, head_pose.mhr.character_torch.parameter_transform.scaling_parameters, head_pose.mhr.character_torch.linear_blend_skinning.inverse_bind_pose, head_pose.mhr.character_torch.linear_blend_skinning.skin_indices_flattened, head_pose.mhr.character_torch.linear_blend_skinning.skin_weights_flattened, head_pose.mhr.character_torch.linear_blend_skinning.vert_indices_flattened, head_pose.mhr.character_torch.parameter_limits.minmax_min, head_pose.mhr.character_torch.parameter_limits.minmax_max, head_pose.mhr.character_torch.parameter_limits.minmax_weight, head_pose.mhr.character_torch.parameter_limits.minmax_parameter_index, head_pose.mhr.character_torch.parameter_limits.minmaxjoint_index, head_pose.mhr.character_torch.parameter_limits.minmaxjoint_min, head_pose.mhr.character_torch.parameter_limits.minmaxjoint_max, head_pose.mhr.character_torch.parameter_limits.minmaxjoint_weight, head_pose.mhr.character_torch.parameter_limits.linear_refidx, head_pose.mhr.character_torch.parameter_limits.linear_targetidx, head_pose.mhr.character_torch.parameter_limits.linear_scale, head_pose.mhr.character_torch.parameter_limits.linear_offset, head_pose.mhr.character_torch.parameter_limits.linear_weight, head_pose.mhr.character_torch.parameter_limits.linear_range_min, head_pose.mhr.character_torch.parameter_limits.linear_range_max, head_pose.mhr.character_torch.parameter_limits.linear_joint_refidx, head_pose.mhr.character_torch.parameter_limits.linear_joint_targetidx, head_pose.mhr.character_torch.parameter_limits.linear_joint_scale, head_pose.mhr.character_torch.parameter_limits.linear_joint_offset, head_pose.mhr.character_torch.parameter_limits.linear_joint_weight, head_pose.mhr.character_torch.parameter_limits.linear_joint_range_min, head_pose.mhr.character_torch.parameter_limits.linear_joint_range_max, head_pose.mhr.character_torch.parameter_limits.halfplane_param1_idx, head_pose.mhr.character_torch.parameter_limits.halfplane_param2_idx, head_pose.mhr.character_torch.parameter_limits.halfplane_normal, head_pose.mhr.character_torch.parameter_limits.halfplane_offset, head_pose.mhr.character_torch.parameter_limits.halfplane_weight, head_pose.mhr.character_torch.parameter_limits.ellipsoid_parent, head_pose.mhr.character_torch.parameter_limits.ellipsoid_ellipsoid_parent, head_pose.mhr.character_torch.parameter_limits.ellipsoid_offset, head_pose.mhr.character_torch.parameter_limits.ellipsoid_ellipsoid, head_pose.mhr.character_torch.parameter_limits.ellipsoid_ellipsoid_inv, head_pose.mhr.character_torch.parameter_limits.ellipsoid_weight, head_pose.mhr.character_torch.blend_shape.shape_vectors, head_pose.mhr.character_torch.blend_shape.base_shape, head_pose_hand.hand_pose_comps_ori, head_pose_hand.mhr.face_expressions_model.shape_vectors, head_pose_hand.mhr.pose_correctives_model.pose_dirs_predictor.0.sparse_indices, head_pose_hand.mhr.pose_correctives_model.pose_dirs_predictor.0.sparse_weight, head_pose_hand.mhr.pose_correctives_model.pose_dirs_predictor.2.weight, head_pose_hand.mhr.character_torch.skeleton.joint_translation_offsets, head_pose_hand.mhr.character_torch.skeleton.joint_prerotations, head_pose_hand.mhr.character_torch.skeleton.pmi, head_pose_hand.mhr.character_torch.skeleton.joint_parents, head_pose_hand.mhr.character_torch.mesh.rest_vertices, head_pose_hand.mhr.character_torch.mesh.faces, head_pose_hand.mhr.character_torch.mesh.texcoords, head_pose_hand.mhr.character_torch.mesh.texcoord_faces, head_pose_hand.mhr.character_torch.parameter_transform.parameter_transform, head_pose_hand.mhr.character_torch.parameter_transform.pose_parameters, head_pose_hand.mhr.character_torch.parameter_transform.rigid_parameters, head_pose_hand.mhr.character_torch.parameter_transform.scaling_parameters, head_pose_hand.mhr.character_torch.linear_blend_skinning.inverse_bind_pose, head_pose_hand.mhr.character_torch.linear_blend_skinning.skin_indices_flattened, head_pose_hand.mhr.character_torch.linear_blend_skinning.skin_weights_flattened, head_pose_hand.mhr.character_torch.linear_blend_skinning.vert_indices_flattened, head_pose_hand.mhr.character_torch.parameter_limits.minmax_min, head_pose_hand.mhr.character_torch.parameter_limits.minmax_max, head_pose_hand.mhr.character_torch.parameter_limits.minmax_weight, head_pose_hand.mhr.character_torch.parameter_limits.minmax_parameter_index, head_pose_hand.mhr.character_torch.parameter_limits.minmaxjoint_index, head_pose_hand.mhr.character_torch.parameter_limits.minmaxjoint_min, head_pose_hand.mhr.character_torch.parameter_limits.minmaxjoint_max, head_pose_hand.mhr.character_torch.parameter_limits.minmaxjoint_weight, head_pose_hand.mhr.character_torch.parameter_limits.linear_refidx, head_pose_hand.mhr.character_torch.parameter_limits.linear_targetidx, head_pose_hand.mhr.character_torch.parameter_limits.linear_scale, head_pose_hand.mhr.character_torch.parameter_limits.linear_offset, head_pose_hand.mhr.character_torch.parameter_limits.linear_weight, head_pose_hand.mhr.character_torch.parameter_limits.linear_range_min, head_pose_hand.mhr.character_torch.parameter_limits.linear_range_max, head_pose_hand.mhr.character_torch.parameter_limits.linear_joint_refidx, head_pose_hand.mhr.character_torch.parameter_limits.linear_joint_targetidx, head_pose_hand.mhr.character_torch.parameter_limits.linear_joint_scale, head_pose_hand.mhr.character_torch.parameter_limits.linear_joint_offset, head_pose_hand.mhr.character_torch.parameter_limits.linear_joint_weight, head_pose_hand.mhr.character_torch.parameter_limits.linear_joint_range_min, head_pose_hand.mhr.character_torch.parameter_limits.linear_joint_range_max, head_pose_hand.mhr.character_torch.parameter_limits.halfplane_param1_idx, head_pose_hand.mhr.character_torch.parameter_limits.halfplane_param2_idx, head_pose_hand.mhr.character_torch.parameter_limits.halfplane_normal, head_pose_hand.mhr.character_torch.parameter_limits.halfplane_offset, head_pose_hand.mhr.character_torch.parameter_limits.halfplane_weight, head_pose_hand.mhr.character_torch.parameter_limits.ellipsoid_parent, head_pose_hand.mhr.character_torch.parameter_limits.ellipsoid_ellipsoid_parent, head_pose_hand.mhr.character_torch.parameter_limits.ellipsoid_offset, head_pose_hand.mhr.character_torch.parameter_limits.ellipsoid_ellipsoid, head_pose_hand.mhr.character_torch.parameter_limits.ellipsoid_ellipsoid_inv, head_pose_hand.mhr.character_torch.parameter_limits.ellipsoid_weight, head_pose_hand.mhr.character_torch.blend_shape.shape_vectors, head_pose_hand.mhr.character_torch.blend_shape.base_shape

No human detector is used...
Mask-condition inference is not supported...
No FOV estimator... Using the default FOV!
official 20 82
official 40 82
official 60 82
official 80 82
DONE official {'joint_observations': 821, 'images': 69, 'image_macro_nme': 0.035179423061361445, 'pooled_nme': 0.03313550326119364, 'pck05': 0.8112058465286236, 'percentiles': {'p50': 0.024479673051379908, 'p90': 0.06699948143310577, 'p95': 0.09436017055669516, 'p99': 0.1514488516973868}, 'bad_tail_threshold': 0.1, 'bad_tail_count': 35, 'bad_tail_ratio': 0.04263093788063337}
epoch1 20 82
epoch1 40 82
epoch1 60 82
epoch1 80 82
DONE epoch1 {'joint_observations': 821, 'images': 69, 'image_macro_nme': 0.03466148123984501, 'pooled_nme': 0.0326563223002147, 'pck05': 0.8172959805115713, 'percentiles': {'p50': 0.023664029380784643, 'p90': 0.06660574338337215, 'p95': 0.09161228430298424, 'p99': 0.15100563558270905}, 'bad_tail_threshold': 0.1, 'bad_tail_count': 33, 'bad_tail_ratio': 0.040194884287454324}
epoch2 20 82
epoch2 40 82
epoch2 60 82
epoch2 80 82
DONE epoch2 {'joint_observations': 821, 'images': 69, 'image_macro_nme': 0.03446229732264715, 'pooled_nme': 0.032448352244891655, 'pck05': 0.8209500609013398, 'percentiles': {'p50': 0.023764327833617382, 'p90': 0.06539973771885943, 'p95': 0.08920579012399628, 'p99': 0.15281743299168685}, 'bad_tail_threshold': 0.1, 'bad_tail_count': 31, 'bad_tail_ratio': 0.037758830694275276}
epoch3 20 82
epoch3 40 82
epoch3 60 82
epoch3 80 82
DONE epoch3 {'joint_observations': 821, 'images': 69, 'image_macro_nme': 0.03433911494219391, 'pooled_nme': 0.0322846438847272, 'pck05': 0.8221680876979294, 'percentiles': {'p50': 0.023690722975179875, 'p90': 0.065392505408801, 'p95': 0.08884230769769795, 'p99': 0.1539841224758161}, 'bad_tail_threshold': 0.1, 'bad_tail_count': 31, 'bad_tail_ratio': 0.037758830694275276}
epoch4 20 82
epoch4 40 82
epoch4 60 82
epoch4 80 82
DONE epoch4 {'joint_observations': 821, 'images': 69, 'image_macro_nme': 0.03443974259177284, 'pooled_nme': 0.03229674465209182, 'pck05': 0.8209500609013398, 'percentiles': {'p50': 0.02386863061562654, 'p90': 0.06535986652142434, 'p95': 0.0897430346684878, 'p99': 0.1539719683516744}, 'bad_tail_threshold': 0.1, 'bad_tail_count': 31, 'bad_tail_ratio': 0.037758830694275276}
epoch5 20 82
epoch5 40 82
epoch5 60 82
epoch5 80 82
DONE epoch5 {'joint_observations': 821, 'images': 69, 'image_macro_nme': 0.03425163978191457, 'pooled_nme': 0.03207358965815541, 'pck05': 0.8282582216808769, 'percentiles': {'p50': 0.02355034586618447, 'p90': 0.06359280892575979, 'p95': 0.09008509021263991, 'p99': 0.15553073670070713}, 'bad_tail_threshold': 0.1, 'bad_tail_count': 31, 'bad_tail_ratio': 0.037758830694275276}
epoch6 20 82
epoch6 40 82
epoch6 60 82
epoch6 80 82
DONE epoch6 {'joint_observations': 821, 'images': 69, 'image_macro_nme': 0.03432367355029605, 'pooled_nme': 0.032089125507808236, 'pck05': 0.8294762484774665, 'percentiles': {'p50': 0.02345393030673021, 'p90': 0.06294053961666238, 'p95': 0.08939328183166084, 'p99': 0.15487629163804917}, 'bad_tail_threshold': 0.1, 'bad_tail_count': 31, 'bad_tail_ratio': 0.037758830694275276}
epoch7 20 82
epoch7 40 82
epoch7 60 82
epoch7 80 82
DONE epoch7 {'joint_observations': 821, 'images': 69, 'image_macro_nme': 0.03432401558892725, 'pooled_nme': 0.032073382793684095, 'pck05': 0.830694275274056, 'percentiles': {'p50': 0.023615074059261425, 'p90': 0.06296244277941337, 'p95': 0.08949327703970662, 'p99': 0.15509974116189057}, 'bad_tail_threshold': 0.1, 'bad_tail_count': 32, 'bad_tail_ratio': 0.0389768574908648}
epoch8 20 82
epoch8 40 82
epoch8 60 82
epoch8 80 82
DONE epoch8 {'joint_observations': 821, 'images': 69, 'image_macro_nme': 0.03430980200512356, 'pooled_nme': 0.03201456427403777, 'pck05': 0.833130328867235, 'percentiles': {'p50': 0.023738382698133532, 'p90': 0.06289803195765187, 'p95': 0.0899215376435166, 'p99': 0.15521945838026735}, 'bad_tail_threshold': 0.1, 'bad_tail_count': 31, 'bad_tail_ratio': 0.037758830694275276}
epoch9 20 82
epoch9 40 82
epoch9 60 82
epoch9 80 82
DONE epoch9 {'joint_observations': 821, 'images': 69, 'image_macro_nme': 0.034399326135469505, 'pooled_nme': 0.03209489772175176, 'pck05': 0.8294762484774665, 'percentiles': {'p50': 0.023703199638212363, 'p90': 0.06259750152711145, 'p95': 0.08957205727997286, 'p99': 0.15476530205477343}, 'bad_tail_threshold': 0.1, 'bad_tail_count': 31, 'bad_tail_ratio': 0.037758830694275276}
epoch10 20 82
epoch10 40 82
epoch10 60 82
epoch10 80 82
DONE epoch10 {'joint_observations': 821, 'images': 69, 'image_macro_nme': 0.034520061596952076, 'pooled_nme': 0.03215290486650941, 'pck05': 0.833130328867235, 'percentiles': {'p50': 0.023889334572324353, 'p90': 0.06257634839350096, 'p95': 0.0892611673695613, 'p99': 0.15441390537456073}, 'bad_tail_threshold': 0.1, 'bad_tail_count': 32, 'bad_tail_ratio': 0.0389768574908648}
